Archive member included to satisfy reference by file (symbol)

lib/orangescrt.a(printf.o)    kernel/main.o (printf)
lib/orangescrt.a(vsprintf.o)  kernel/main.o (vsprintf)
lib/orangescrt.a(string.o)    kernel/start.o (memcpy)
lib/orangescrt.a(misc.o)      kernel/main.o (send_recv)
lib/orangescrt.a(open.o)      kernel/main.o (open)
lib/orangescrt.a(read.o)      kernel/main.o (read)
lib/orangescrt.a(write.o)     kernel/main.o (write)
lib/orangescrt.a(close.o)     kernel/main.o (close)
lib/orangescrt.a(lseek.o)     kernel/main.o (lseek)
lib/orangescrt.a(getpid.o)    kernel/main.o (getpid)
lib/orangescrt.a(stat.o)      mm/exec.o (stat)
lib/orangescrt.a(fork.o)      kernel/main.o (fork)
lib/orangescrt.a(wait.o)      kernel/main.o (wait)
lib/orangescrt.a(exec.o)      kernel/main.o (execv)
lib/orangescrt.a(syscall.o)   lib/orangescrt.a(misc.o) (sendrec)

Allocating common symbols
Common symbol       size              file

idt_ptr             0x6               kernel/global.o
inode_table         0xb00             kernel/global.o
task_stack          0x24000           kernel/global.o
k_reenter           0x4               kernel/global.o
gdt                 0x400             kernel/global.o
current_console     0x4               kernel/global.o
pcaller             0x4               kernel/global.o
tty_table           0xc6c             kernel/global.o
tss                 0x68              kernel/global.o
fs_msg              0x30              kernel/global.o
memory_size         0x4               kernel/global.o
f_desc_table        0x400             kernel/global.o
root_inode          0x4               kernel/global.o
disp_pos            0x4               kernel/global.o
mm_msg              0x30              kernel/global.o
key_pressed         0x4               kernel/global.o
gdt_ptr             0x6               kernel/global.o
idt                 0x800             kernel/global.o
super_block         0x1e0             kernel/global.o
PARTITION_ENTRY     0x10              kernel/hd.o
ticks               0x4               kernel/global.o
console_table       0x3c              kernel/global.o
irq_table           0x40              kernel/global.o
p_proc_ready        0x4               kernel/global.o
proc_table          0x3cb4            kernel/global.o

Discarded input sections

 .group         0x0000000000000000        0x8 kernel/start.o
 .note.GNU-stack
                0x0000000000000000        0x0 kernel/start.o
 .group         0x0000000000000000        0x8 kernel/main.o
 .group         0x0000000000000000        0x8 kernel/main.o
 .text.__x86.get_pc_thunk.bx
                0x0000000000000000        0x4 kernel/main.o
 .note.GNU-stack
                0x0000000000000000        0x0 kernel/main.o
 .group         0x0000000000000000        0x8 kernel/clock.o
 .text.__x86.get_pc_thunk.bx
                0x0000000000000000        0x4 kernel/clock.o
 .note.GNU-stack
                0x0000000000000000        0x0 kernel/clock.o
 .group         0x0000000000000000        0x8 kernel/keyboard.o
 .text.__x86.get_pc_thunk.bx
                0x0000000000000000        0x4 kernel/keyboard.o
 .note.GNU-stack
                0x0000000000000000        0x0 kernel/keyboard.o
 .group         0x0000000000000000        0x8 kernel/tty.o
 .group         0x0000000000000000        0x8 kernel/tty.o
 .text.__x86.get_pc_thunk.ax
                0x0000000000000000        0x4 kernel/tty.o
 .text.__x86.get_pc_thunk.bx
                0x0000000000000000        0x4 kernel/tty.o
 .note.GNU-stack
                0x0000000000000000        0x0 kernel/tty.o
 .group         0x0000000000000000        0x8 kernel/console.o
 .group         0x0000000000000000        0x8 kernel/console.o
 .group         0x0000000000000000        0x8 kernel/console.o
 .group         0x0000000000000000        0x8 kernel/console.o
 .text.__x86.get_pc_thunk.ax
                0x0000000000000000        0x4 kernel/console.o
 .text.__x86.get_pc_thunk.bx
                0x0000000000000000        0x4 kernel/console.o
 .note.GNU-stack
                0x0000000000000000        0x0 kernel/console.o
 .group         0x0000000000000000        0x8 kernel/i8259.o
 .text.__x86.get_pc_thunk.bx
                0x0000000000000000        0x4 kernel/i8259.o
 .note.GNU-stack
                0x0000000000000000        0x0 kernel/i8259.o
 .note.GNU-stack
                0x0000000000000000        0x0 kernel/global.o
 .group         0x0000000000000000        0x8 kernel/protect.o
 .group         0x0000000000000000        0x8 kernel/protect.o
 .text.__x86.get_pc_thunk.ax
                0x0000000000000000        0x4 kernel/protect.o
 .text.__x86.get_pc_thunk.bx
                0x0000000000000000        0x4 kernel/protect.o
 .note.GNU-stack
                0x0000000000000000        0x0 kernel/protect.o
 .group         0x0000000000000000        0x8 kernel/proc.o
 .group         0x0000000000000000        0x8 kernel/proc.o
 .group         0x0000000000000000        0x8 kernel/proc.o
 .text.__x86.get_pc_thunk.ax
                0x0000000000000000        0x4 kernel/proc.o
 .text.__x86.get_pc_thunk.dx
                0x0000000000000000        0x4 kernel/proc.o
 .text.__x86.get_pc_thunk.bx
                0x0000000000000000        0x4 kernel/proc.o
 .note.GNU-stack
                0x0000000000000000        0x0 kernel/proc.o
 .group         0x0000000000000000        0x8 kernel/systask.o
 .group         0x0000000000000000        0x8 kernel/systask.o
 .text.__x86.get_pc_thunk.ax
                0x0000000000000000        0x4 kernel/systask.o
 .text.__x86.get_pc_thunk.bx
                0x0000000000000000        0x4 kernel/systask.o
 .note.GNU-stack
                0x0000000000000000        0x0 kernel/systask.o
 .group         0x0000000000000000        0x8 kernel/hd.o
 .group         0x0000000000000000        0x8 kernel/hd.o
 .text.__x86.get_pc_thunk.ax
                0x0000000000000000        0x4 kernel/hd.o
 .text.__x86.get_pc_thunk.bx
                0x0000000000000000        0x4 kernel/hd.o
 .note.GNU-stack
                0x0000000000000000        0x0 kernel/hd.o
 .group         0x0000000000000000        0x8 kernel/klib.o
 .group         0x0000000000000000        0x8 kernel/klib.o
 .text.__x86.get_pc_thunk.ax
                0x0000000000000000        0x4 kernel/klib.o
 .text.__x86.get_pc_thunk.bx
                0x0000000000000000        0x4 kernel/klib.o
 .note.GNU-stack
                0x0000000000000000        0x0 kernel/klib.o
 .group         0x0000000000000000        0x8 lib/syslog.o
 .text.__x86.get_pc_thunk.bx
                0x0000000000000000        0x4 lib/syslog.o
 .note.GNU-stack
                0x0000000000000000        0x0 lib/syslog.o
 .group         0x0000000000000000        0x8 mm/main.o
 .group         0x0000000000000000        0x8 mm/main.o
 .text.__x86.get_pc_thunk.ax
                0x0000000000000000        0x4 mm/main.o
 .text.__x86.get_pc_thunk.bx
                0x0000000000000000        0x4 mm/main.o
 .note.GNU-stack
                0x0000000000000000        0x0 mm/main.o
 .group         0x0000000000000000        0x8 mm/forkexit.o
 .group         0x0000000000000000        0x8 mm/forkexit.o
 .text.__x86.get_pc_thunk.ax
                0x0000000000000000        0x4 mm/forkexit.o
 .text.__x86.get_pc_thunk.bx
                0x0000000000000000        0x4 mm/forkexit.o
 .note.GNU-stack
                0x0000000000000000        0x0 mm/forkexit.o
 .group         0x0000000000000000        0x8 mm/exec.o
 .text.__x86.get_pc_thunk.bx
                0x0000000000000000        0x4 mm/exec.o
 .note.GNU-stack
                0x0000000000000000        0x0 mm/exec.o
 .group         0x0000000000000000        0x8 fs/main.o
 .group         0x0000000000000000        0x8 fs/main.o
 .text.__x86.get_pc_thunk.ax
                0x0000000000000000        0x4 fs/main.o
 .text.__x86.get_pc_thunk.bx
                0x0000000000000000        0x4 fs/main.o
 .note.GNU-stack
                0x0000000000000000        0x0 fs/main.o
 .group         0x0000000000000000        0x8 fs/open.o
 .group         0x0000000000000000        0x8 fs/open.o
 .text.__x86.get_pc_thunk.ax
                0x0000000000000000        0x4 fs/open.o
 .text.__x86.get_pc_thunk.bx
                0x0000000000000000        0x4 fs/open.o
 .note.GNU-stack
                0x0000000000000000        0x0 fs/open.o
 .group         0x0000000000000000        0x8 fs/misc.o
 .group         0x0000000000000000        0x8 fs/misc.o
 .text.__x86.get_pc_thunk.cx
                0x0000000000000000        0x4 fs/misc.o
 .text.__x86.get_pc_thunk.bx
                0x0000000000000000        0x4 fs/misc.o
 .note.GNU-stack
                0x0000000000000000        0x0 fs/misc.o
 .group         0x0000000000000000        0x8 fs/read_write.o
 .text.__x86.get_pc_thunk.bx
                0x0000000000000000        0x4 fs/read_write.o
 .note.GNU-stack
                0x0000000000000000        0x0 fs/read_write.o
 .group         0x0000000000000000        0x8 fs/link.o
 .text.__x86.get_pc_thunk.bx
                0x0000000000000000        0x4 fs/link.o
 .note.GNU-stack
                0x0000000000000000        0x0 fs/link.o
 .group         0x0000000000000000        0x8 fs/disklog.o
 .text.__x86.get_pc_thunk.bx
                0x0000000000000000        0x4 fs/disklog.o
 .note.GNU-stack
                0x0000000000000000        0x0 fs/disklog.o
 .group         0x0000000000000000        0x8 lib/orangescrt.a(printf.o)
 .text.__x86.get_pc_thunk.bx
                0x0000000000000000        0x4 lib/orangescrt.a(printf.o)
 .note.GNU-stack
                0x0000000000000000        0x0 lib/orangescrt.a(printf.o)
 .group         0x0000000000000000        0x8 lib/orangescrt.a(vsprintf.o)
 .group         0x0000000000000000        0x8 lib/orangescrt.a(vsprintf.o)
 .text.__x86.get_pc_thunk.ax
                0x0000000000000000        0x4 lib/orangescrt.a(vsprintf.o)
 .text.__x86.get_pc_thunk.bx
                0x0000000000000000        0x4 lib/orangescrt.a(vsprintf.o)
 .note.GNU-stack
                0x0000000000000000        0x0 lib/orangescrt.a(vsprintf.o)
 .group         0x0000000000000000        0x8 lib/orangescrt.a(misc.o)
 .group         0x0000000000000000        0x8 lib/orangescrt.a(misc.o)
 .text.__x86.get_pc_thunk.ax
                0x0000000000000000        0x4 lib/orangescrt.a(misc.o)
 .text.__x86.get_pc_thunk.bx
                0x0000000000000000        0x4 lib/orangescrt.a(misc.o)
 .note.GNU-stack
                0x0000000000000000        0x0 lib/orangescrt.a(misc.o)
 .group         0x0000000000000000        0x8 lib/orangescrt.a(open.o)
 .text.__x86.get_pc_thunk.bx
                0x0000000000000000        0x4 lib/orangescrt.a(open.o)
 .note.GNU-stack
                0x0000000000000000        0x0 lib/orangescrt.a(open.o)
 .group         0x0000000000000000        0x8 lib/orangescrt.a(read.o)
 .text.__x86.get_pc_thunk.ax
                0x0000000000000000        0x4 lib/orangescrt.a(read.o)
 .note.GNU-stack
                0x0000000000000000        0x0 lib/orangescrt.a(read.o)
 .group         0x0000000000000000        0x8 lib/orangescrt.a(write.o)
 .text.__x86.get_pc_thunk.ax
                0x0000000000000000        0x4 lib/orangescrt.a(write.o)
 .note.GNU-stack
                0x0000000000000000        0x0 lib/orangescrt.a(write.o)
 .group         0x0000000000000000        0x8 lib/orangescrt.a(close.o)
 .text.__x86.get_pc_thunk.ax
                0x0000000000000000        0x4 lib/orangescrt.a(close.o)
 .note.GNU-stack
                0x0000000000000000        0x0 lib/orangescrt.a(close.o)
 .group         0x0000000000000000        0x8 lib/orangescrt.a(lseek.o)
 .text.__x86.get_pc_thunk.ax
                0x0000000000000000        0x4 lib/orangescrt.a(lseek.o)
 .note.GNU-stack
                0x0000000000000000        0x0 lib/orangescrt.a(lseek.o)
 .group         0x0000000000000000        0x8 lib/orangescrt.a(getpid.o)
 .text.__x86.get_pc_thunk.bx
                0x0000000000000000        0x4 lib/orangescrt.a(getpid.o)
 .note.GNU-stack
                0x0000000000000000        0x0 lib/orangescrt.a(getpid.o)
 .group         0x0000000000000000        0x8 lib/orangescrt.a(stat.o)
 .text.__x86.get_pc_thunk.bx
                0x0000000000000000        0x4 lib/orangescrt.a(stat.o)
 .note.GNU-stack
                0x0000000000000000        0x0 lib/orangescrt.a(stat.o)
 .group         0x0000000000000000        0x8 lib/orangescrt.a(fork.o)
 .text.__x86.get_pc_thunk.bx
                0x0000000000000000        0x4 lib/orangescrt.a(fork.o)
 .note.GNU-stack
                0x0000000000000000        0x0 lib/orangescrt.a(fork.o)
 .group         0x0000000000000000        0x8 lib/orangescrt.a(wait.o)
 .text.__x86.get_pc_thunk.ax
                0x0000000000000000        0x4 lib/orangescrt.a(wait.o)
 .note.GNU-stack
                0x0000000000000000        0x0 lib/orangescrt.a(wait.o)
 .group         0x0000000000000000        0x8 lib/orangescrt.a(exec.o)
 .group         0x0000000000000000        0x8 lib/orangescrt.a(exec.o)
 .text.__x86.get_pc_thunk.ax
                0x0000000000000000        0x4 lib/orangescrt.a(exec.o)
 .text.__x86.get_pc_thunk.bx
                0x0000000000000000        0x4 lib/orangescrt.a(exec.o)
 .note.GNU-stack
                0x0000000000000000        0x0 lib/orangescrt.a(exec.o)

Memory Configuration

Name             Origin             Length             Attributes
*default*        0x0000000000000000 0xffffffffffffffff

Linker script and memory map

Address of section .text set to 0x1000
LOAD kernel/kernel.o
LOAD kernel/start.o
LOAD kernel/main.o
LOAD kernel/clock.o
LOAD kernel/keyboard.o
LOAD kernel/tty.o
LOAD kernel/console.o
LOAD kernel/i8259.o
LOAD kernel/global.o
LOAD kernel/protect.o
LOAD kernel/proc.o
LOAD kernel/systask.o
LOAD kernel/hd.o
LOAD kernel/kliba.o
LOAD kernel/klib.o
LOAD lib/syslog.o
LOAD mm/main.o
LOAD mm/forkexit.o
LOAD mm/exec.o
LOAD fs/main.o
LOAD fs/open.o
LOAD fs/misc.o
LOAD fs/read_write.o
LOAD fs/link.o
LOAD fs/disklog.o
LOAD lib/orangescrt.a
                [!provide]                        PROVIDE (__executable_start = SEGMENT_START ("text-segment", 0x8048000))
                0x0000000008048094                . = (SEGMENT_START ("text-segment", 0x8048000) + SIZEOF_HEADERS)

.interp
 *(.interp)

.note.gnu.build-id
 *(.note.gnu.build-id)

.hash
 *(.hash)

.gnu.hash
 *(.gnu.hash)

.dynsym
 *(.dynsym)

.dynstr
 *(.dynstr)

.gnu.version
 *(.gnu.version)

.gnu.version_d
 *(.gnu.version_d)

.gnu.version_r
 *(.gnu.version_r)

.rel.dyn        0x0000000008048094        0x0
 *(.rel.init)
 *(.rel.text .rel.text.* .rel.gnu.linkonce.t.*)
 .rel.text      0x0000000008048094        0x0 kernel/kernel.o
 *(.rel.fini)
 *(.rel.rodata .rel.rodata.* .rel.gnu.linkonce.r.*)
 *(.rel.data.rel.ro .rel.data.rel.ro.* .rel.gnu.linkonce.d.rel.ro.*)
 *(.rel.data .rel.data.* .rel.gnu.linkonce.d.*)
 *(.rel.tdata .rel.tdata.* .rel.gnu.linkonce.td.*)
 *(.rel.tbss .rel.tbss.* .rel.gnu.linkonce.tb.*)
 *(.rel.ctors)
 *(.rel.dtors)
 *(.rel.got)
 .rel.got       0x0000000008048094        0x0 kernel/kernel.o
 *(.rel.bss .rel.bss.* .rel.gnu.linkonce.b.*)
 *(.rel.ifunc)

.rel.plt        0x0000000008048094        0x0
 *(.rel.plt)
                [!provide]                        PROVIDE (__rel_iplt_start = .)
 *(.rel.iplt)
 .rel.iplt      0x0000000008048094        0x0 kernel/kernel.o
                [!provide]                        PROVIDE (__rel_iplt_end = .)

.init
 *(SORT_NONE(.init))

.plt            0x0000000008048098        0x0
 *(.plt)
 *(.iplt)
 .iplt          0x0000000008048098        0x0 kernel/kernel.o

.plt.got
 *(.plt.got)

.plt.sec
 *(.plt.sec)

.text           0x0000000000001000     0xda68
 *(.text.unlikely .text.*_unlikely .text.unlikely.*)
 *(.text.exit .text.exit.*)
 *(.text.startup .text.startup.*)
 *(.text.hot .text.hot.*)
 *(.text .stub .text.* .gnu.linkonce.t.*)
 .text          0x0000000000001000      0x410 kernel/kernel.o
                0x0000000000001000                _start
                0x0000000000001040                hwint00
                0x0000000000001070                hwint01
                0x00000000000010a0                hwint02
                0x00000000000010d0                hwint03
                0x0000000000001100                hwint04
                0x0000000000001130                hwint05
                0x0000000000001160                hwint06
                0x0000000000001190                hwint07
                0x00000000000011c0                hwint08
                0x00000000000011f0                hwint09
                0x0000000000001220                hwint10
                0x0000000000001250                hwint11
                0x0000000000001280                hwint12
                0x00000000000012b0                hwint13
                0x00000000000012e0                hwint14
                0x0000000000001310                hwint15
                0x0000000000001334                divide_error
                0x000000000000133a                single_step_exception
                0x0000000000001340                nmi
                0x0000000000001346                breakpoint_exception
                0x000000000000134c                overflow
                0x0000000000001352                bounds_check
                0x0000000000001358                inval_opcode
                0x000000000000135e                copr_not_available
                0x0000000000001364                double_fault
                0x0000000000001368                copr_seg_overrun
                0x000000000000136e                inval_tss
                0x0000000000001372                segment_not_present
                0x0000000000001376                stack_exception
                0x000000000000137a                general_protection
                0x000000000000137e                page_fault
                0x0000000000001382                copr_error
                0x00000000000013cb                sys_call
                0x00000000000013eb                restart
 .text          0x0000000000001410       0xc3 kernel/start.o
                0x0000000000001410                cstart
 .text.__x86.get_pc_thunk.bx
                0x00000000000014d3        0x4 kernel/start.o
                0x00000000000014d3                __x86.get_pc_thunk.bx
 .text          0x00000000000014d7      0xb67 kernel/main.o
                0x00000000000014d7                kernel_main
                0x0000000000001831                get_ticks
                0x0000000000001874                untar
                0x0000000000001b51                shabby_shell
                0x0000000000001e1a                Init
                0x0000000000001fb7                TestA
                0x0000000000001fc6                TestB
                0x0000000000001fd5                TestC
                0x0000000000001fe4                panic
 .text.__x86.get_pc_thunk.ax
                0x000000000000203e        0x4 kernel/main.o
                0x000000000000203e                __x86.get_pc_thunk.ax
 .text          0x0000000000002042      0x165 kernel/clock.o
                0x0000000000002042                clock_handler
                0x00000000000020f4                milli_delay
                0x000000000000213e                init_clock
 .text          0x00000000000021a7      0x7a7 kernel/keyboard.o
                0x00000000000021a7                keyboard_handler
                0x000000000000222c                init_keyboard
                0x00000000000022f6                keyboard_read
 .text          0x000000000000294e      0xb56 kernel/tty.o
                0x000000000000294e                task_tty
                0x0000000000002b7a                in_process
                0x000000000000314c                sys_printx
                0x0000000000003314                dump_tty_buf
 .text          0x00000000000034a4      0x8d6 kernel/console.o
                0x00000000000034a4                init_screen
                0x0000000000003633                out_char
                0x0000000000003982                is_current_console
                0x0000000000003aa3                select_console
                0x0000000000003af6                scroll_screen
 .text.__x86.get_pc_thunk.dx
                0x0000000000003d7a        0x4 kernel/console.o
                0x0000000000003d7a                __x86.get_pc_thunk.dx
 .text.__x86.get_pc_thunk.cx
                0x0000000000003d7e        0x4 kernel/console.o
                0x0000000000003d7e                __x86.get_pc_thunk.cx
 .text          0x0000000000003d82      0x167 kernel/i8259.o
                0x0000000000003d82                init_8259A
                0x0000000000003e6a                spurious_irq
                0x0000000000003eb4                put_irq_handler
 .text          0x0000000000003ee9        0x0 kernel/global.o
 .text          0x0000000000003ee9      0x71f kernel/protect.o
                0x0000000000003ee9                init_prot
                0x00000000000043de                seg2linear
                0x000000000000443a                init_desc
                0x00000000000044b1                exception_handler
 .text          0x0000000000004608     0x1d96 kernel/proc.o
                0x0000000000004608                schedule
                0x00000000000046c2                in_queue
                0x000000000000474e                pop_queue
                0x00000000000047c8                get_one_proc
                0x000000000000493e                mulit_queue_schedule
                0x0000000000004a89                sys_sendrec
                0x0000000000004bd9                ldt_seg_linear
                0x0000000000004c2d                va2la
                0x0000000000004ca6                reset_msg
                0x0000000000005d36                inform_int
                0x0000000000005efd                dump_proc
                0x000000000000626f                dump_msg
 .text          0x000000000000639e      0x2e6 kernel/systask.o
                0x000000000000639e                task_sys
 .text          0x0000000000006684      0xe87 kernel/hd.o
                0x0000000000006684                task_hd
                0x00000000000074d0                hd_handler
 *fill*         0x000000000000750b        0x5 
 .text          0x0000000000007510      0x1a6 kernel/kliba.o
                0x0000000000007510                disp_str
                0x0000000000007554                disp_color_str
                0x0000000000007599                out_byte
                0x00000000000075a5                in_byte
                0x00000000000075af                port_read
                0x00000000000075c2                port_write
                0x00000000000075d5                disable_irq
                0x000000000000760a                enable_irq
                0x0000000000007629                disable_int
                0x000000000000762b                enable_int
                0x000000000000762d                glitter
 .text          0x00000000000076b6      0x306 kernel/klib.o
                0x00000000000076b6                get_boot_params
                0x0000000000007759                get_kernel_map
                0x0000000000007880                itoa
                0x0000000000007935                disp_int
                0x000000000000796b                delay
 .text          0x00000000000079bc       0x84 lib/syslog.o
                0x00000000000079bc                syslog
 .text          0x0000000000007a40      0x22d mm/main.o
                0x0000000000007a40                task_mm
                0x0000000000007bc2                alloc_mem
                0x0000000000007c59                free_mem
 .text          0x0000000000007c6d      0x6b7 mm/forkexit.o
                0x0000000000007c6d                do_fork
                0x0000000000007ff6                do_exit
                0x000000000000824c                do_wait
 .text          0x0000000000008324      0x3b1 mm/exec.o
                0x0000000000008324                do_exec
 .text          0x00000000000086d5     0x127a fs/main.o
                0x00000000000086d5                task_fs
                0x000000000000927b                rw_sector
                0x00000000000094d0                get_super_block
                0x0000000000009532                get_inode
                0x00000000000096b4                put_inode
                0x0000000000009708                sync_inode
 .text          0x000000000000994f      0xccf fs/open.o
                0x000000000000994f                do_open
                0x0000000000009f0b                do_close
                0x0000000000009fa5                do_lseek
 .text          0x000000000000a61e      0x578 fs/misc.o
                0x000000000000a61e                do_stat
                0x000000000000a81a                do_list
                0x000000000000a990                search_file
                0x000000000000aaf9                strip_path
 .text          0x000000000000ab96      0x564 fs/read_write.o
                0x000000000000ab96                do_rdwt
 .text          0x000000000000b0fa      0x88d fs/link.o
                0x000000000000b0fa                do_unlink
 .text          0x000000000000b987     0x22e7 fs/disklog.o
                0x000000000000b987                disklog
                0x000000000000bf7c                dump_fd_graph
 .text          0x000000000000dc6e       0xd1 lib/orangescrt.a(printf.o)
                0x000000000000dc6e                printf
                0x000000000000dcee                printl
 .text          0x000000000000dd3f      0x330 lib/orangescrt.a(vsprintf.o)
                0x000000000000ddaf                vsprintf
                0x000000000000e03f                sprintf
 *fill*         0x000000000000e06f        0x1 
 .text          0x000000000000e070       0x78 lib/orangescrt.a(string.o)
                0x000000000000e070                memcpy
                0x000000000000e099                memset
                0x000000000000e0ba                strcpy
                0x000000000000e0d2                strlen
 .text          0x000000000000e0e8      0x2ab lib/orangescrt.a(misc.o)
                0x000000000000e0e8                send_recv
                0x000000000000e1b7                memcmp
                0x000000000000e237                strcmp
                0x000000000000e2b4                strcat
                0x000000000000e31d                spin
                0x000000000000e347                assertion_failure
 .text          0x000000000000e393       0x78 lib/orangescrt.a(open.o)
                0x000000000000e393                open
 .text          0x000000000000e40b       0x47 lib/orangescrt.a(read.o)
                0x000000000000e40b                read
 .text          0x000000000000e452       0x47 lib/orangescrt.a(write.o)
                0x000000000000e452                write
 .text          0x000000000000e499       0x3b lib/orangescrt.a(close.o)
                0x000000000000e499                close
 .text          0x000000000000e4d4       0x47 lib/orangescrt.a(lseek.o)
                0x000000000000e4d4                lseek
 .text          0x000000000000e51b       0x5b lib/orangescrt.a(getpid.o)
                0x000000000000e51b                getpid
 .text          0x000000000000e576      0x181 lib/orangescrt.a(stat.o)
                0x000000000000e576                stat
                0x000000000000e5ee                list
 .text          0x000000000000e6f7       0x81 lib/orangescrt.a(fork.o)
                0x000000000000e6f7                fork
 .text          0x000000000000e778       0x4c lib/orangescrt.a(wait.o)
                0x000000000000e778                wait
 .text          0x000000000000e7c4      0x277 lib/orangescrt.a(exec.o)
                0x000000000000e7c4                exec
                0x000000000000e844                execl
                0x000000000000e873                execv
 *fill*         0x000000000000ea3b        0x5 
 .text          0x000000000000ea40       0x28 lib/orangescrt.a(syscall.o)
                0x000000000000ea40                sendrec
                0x000000000000ea5a                printx
 *(.gnu.warning)

.fini
 *(SORT_NONE(.fini))
                [!provide]                        PROVIDE (__etext = .)
                [!provide]                        PROVIDE (_etext = .)
                [!provide]                        PROVIDE (etext = .)

.rodata         0x000000000000ea80     0x25d7
 *(.rodata .rodata.* .gnu.linkonce.r.*)
 .rodata        0x000000000000ea80       0x47 kernel/start.o
 *fill*         0x000000000000eac7        0x1 
 .rodata        0x000000000000eac8      0x1e8 kernel/main.o
 .rodata        0x000000000000ecb0       0x64 kernel/keyboard.o
 .rodata        0x000000000000ed14      0x168 kernel/tty.o
 .rodata        0x000000000000ee7c       0x5b kernel/console.o
 .rodata        0x000000000000eed7       0x11 kernel/i8259.o
 .rodata        0x000000000000eee8       0x10 kernel/global.o
                0x000000000000eee8                FSBUF_SIZE
                0x000000000000eeec                MMBUF_SIZE
                0x000000000000eef0                LOGBUF_SIZE
                0x000000000000eef4                LOGDISKBUF_SIZE
 *fill*         0x000000000000eef8        0x8 
 .rodata        0x000000000000ef00      0x580 kernel/protect.o
 .rodata        0x000000000000f480      0x5da kernel/proc.o
 .rodata        0x000000000000fa5a       0x11 kernel/systask.o
 *fill*         0x000000000000fa6b        0x1 
 .rodata        0x000000000000fa6c      0x15c kernel/hd.o
 .rodata        0x000000000000fbc8       0x6a kernel/klib.o
 .rodata        0x000000000000fc32       0x1e lib/syslog.o
 .rodata        0x000000000000fc50       0xb1 mm/main.o
 *fill*         0x000000000000fd01        0x3 
 .rodata        0x000000000000fd04       0xe7 mm/forkexit.o
 *fill*         0x000000000000fdeb        0x1 
 .rodata        0x000000000000fdec       0xa4 mm/exec.o
 .rodata        0x000000000000fe90      0x252 fs/main.o
 *fill*         0x00000000000100e2        0x2 
 .rodata        0x00000000000100e4      0x1c8 fs/open.o
 .rodata        0x00000000000102ac       0x62 fs/misc.o
 *fill*         0x000000000001030e        0x2 
 .rodata        0x0000000000010310      0x164 fs/read_write.o
 .rodata        0x0000000000010474      0x1ad fs/link.o
 *fill*         0x0000000000010621        0x3 
 .rodata        0x0000000000010624      0x806 fs/disklog.o
 .rodata        0x0000000000010e2a       0x14 lib/orangescrt.a(printf.o)
 *fill*         0x0000000000010e3e        0x2 
 .rodata        0x0000000000010e40       0xad lib/orangescrt.a(misc.o)
 .rodata        0x0000000000010eed       0x23 lib/orangescrt.a(open.o)
 .rodata        0x0000000000010f10       0x25 lib/orangescrt.a(getpid.o)
 *fill*         0x0000000000010f35        0x3 
 .rodata        0x0000000000010f38       0x64 lib/orangescrt.a(stat.o)
 .rodata        0x0000000000010f9c       0x33 lib/orangescrt.a(fork.o)
 *fill*         0x0000000000010fcf        0x1 
 .rodata        0x0000000000010fd0       0x87 lib/orangescrt.a(exec.o)

.rodata1
 *(.rodata1)

.eh_frame_hdr
 *(.eh_frame_hdr)
 *(.eh_frame_entry .eh_frame_entry.*)

.eh_frame       0x0000000000011058     0x154c
 *(.eh_frame)
 .eh_frame      0x0000000000011058       0x50 kernel/start.o
 .eh_frame      0x00000000000110a8      0x128 kernel/main.o
                                        0x154 (size before relaxing)
 .eh_frame      0x00000000000111d0       0x6c kernel/clock.o
                                         0x98 (size before relaxing)
 .eh_frame      0x000000000001123c       0xfc kernel/keyboard.o
                                        0x128 (size before relaxing)
 .eh_frame      0x0000000000011338      0x15c kernel/tty.o
                                        0x19c (size before relaxing)
 .eh_frame      0x0000000000011494      0x180 kernel/console.o
                                        0x1c0 (size before relaxing)
 .eh_frame      0x0000000000011614       0x6c kernel/i8259.o
                                         0x98 (size before relaxing)
 .eh_frame      0x0000000000011680       0xb8 kernel/protect.o
                                         0xf8 (size before relaxing)
 .eh_frame      0x0000000000011738      0x270 kernel/proc.o
                                        0x2c4 (size before relaxing)
 .eh_frame      0x00000000000119a8       0x64 kernel/systask.o
                                         0xa4 (size before relaxing)
 .eh_frame      0x0000000000011a0c      0x200 kernel/hd.o
                                        0x240 (size before relaxing)
 .eh_frame      0x0000000000011c0c       0xac kernel/klib.o
                                         0xec (size before relaxing)
 .eh_frame      0x0000000000011cb8       0x24 lib/syslog.o
                                         0x50 (size before relaxing)
 .eh_frame      0x0000000000011cdc       0x84 mm/main.o
                                         0xc4 (size before relaxing)
 .eh_frame      0x0000000000011d60       0x9c mm/forkexit.o
                                         0xdc (size before relaxing)
 .eh_frame      0x0000000000011dfc       0x30 mm/exec.o
                                         0x5c (size before relaxing)
 .eh_frame      0x0000000000011e2c      0x190 fs/main.o
                                        0x1d0 (size before relaxing)
 .eh_frame      0x0000000000011fbc      0x13c fs/open.o
                                        0x17c (size before relaxing)
 .eh_frame      0x00000000000120f8       0xa8 fs/misc.o
                                         0xe8 (size before relaxing)
 .eh_frame      0x00000000000121a0       0x30 fs/read_write.o
                                         0x5c (size before relaxing)
 .eh_frame      0x00000000000121d0       0x30 fs/link.o
                                         0x5c (size before relaxing)
 .eh_frame      0x0000000000012200       0x60 fs/disklog.o
                                         0x8c (size before relaxing)
 .eh_frame      0x0000000000012260       0x48 lib/orangescrt.a(printf.o)
                                         0x74 (size before relaxing)
 .eh_frame      0x00000000000122a8       0x68 lib/orangescrt.a(vsprintf.o)
                                         0xa8 (size before relaxing)
 .eh_frame      0x0000000000012310       0xc4 lib/orangescrt.a(misc.o)
                                        0x104 (size before relaxing)
 .eh_frame      0x00000000000123d4       0x24 lib/orangescrt.a(open.o)
                                         0x50 (size before relaxing)
 .eh_frame      0x00000000000123f8       0x24 lib/orangescrt.a(read.o)
                                         0x50 (size before relaxing)
 .eh_frame      0x000000000001241c       0x24 lib/orangescrt.a(write.o)
                                         0x50 (size before relaxing)
 .eh_frame      0x0000000000012440       0x24 lib/orangescrt.a(close.o)
                                         0x50 (size before relaxing)
 .eh_frame      0x0000000000012464       0x24 lib/orangescrt.a(lseek.o)
                                         0x50 (size before relaxing)
 .eh_frame      0x0000000000012488       0x24 lib/orangescrt.a(getpid.o)
                                         0x50 (size before relaxing)
 .eh_frame      0x00000000000124ac       0x48 lib/orangescrt.a(stat.o)
                                         0x74 (size before relaxing)
 .eh_frame      0x00000000000124f4       0x24 lib/orangescrt.a(fork.o)
                                         0x50 (size before relaxing)
 .eh_frame      0x0000000000012518       0x24 lib/orangescrt.a(wait.o)
                                         0x50 (size before relaxing)
 .eh_frame      0x000000000001253c       0x68 lib/orangescrt.a(exec.o)
                                         0xa8 (size before relaxing)
 *(.eh_frame.*)

.gcc_except_table
 *(.gcc_except_table .gcc_except_table.*)

.gnu_extab
 *(.gnu_extab*)

.exception_ranges
 *(.exception_ranges .exception_ranges*)
                0x0000000000014000                . = DATA_SEGMENT_ALIGN (CONSTANT (MAXPAGESIZE), CONSTANT (COMMONPAGESIZE))

.eh_frame
 *(.eh_frame)
 *(.eh_frame.*)

.gnu_extab
 *(.gnu_extab)

.gcc_except_table
 *(.gcc_except_table .gcc_except_table.*)

.exception_ranges
 *(.exception_ranges .exception_ranges*)

.tdata
 *(.tdata .tdata.* .gnu.linkonce.td.*)

.tbss
 *(.tbss .tbss.* .gnu.linkonce.tb.*)
 *(.tcommon)

.preinit_array  0x0000000000014000        0x0
                [!provide]                        PROVIDE (__preinit_array_start = .)
 *(.preinit_array)
                [!provide]                        PROVIDE (__preinit_array_end = .)

.init_array     0x0000000000014000        0x0
                [!provide]                        PROVIDE (__init_array_start = .)
 *(SORT_BY_INIT_PRIORITY(.init_array.*) SORT_BY_INIT_PRIORITY(.ctors.*))
 *(.init_array EXCLUDE_FILE(*crtend?.o *crtend.o *crtbegin?.o *crtbegin.o) .ctors)
                [!provide]                        PROVIDE (__init_array_end = .)

.fini_array     0x0000000000014000        0x0
                [!provide]                        PROVIDE (__fini_array_start = .)
 *(SORT_BY_INIT_PRIORITY(.fini_array.*) SORT_BY_INIT_PRIORITY(.dtors.*))
 *(.fini_array EXCLUDE_FILE(*crtend?.o *crtend.o *crtbegin?.o *crtbegin.o) .dtors)
                [!provide]                        PROVIDE (__fini_array_end = .)

.ctors
 *crtbegin.o(.ctors)
 *crtbegin?.o(.ctors)
 *(EXCLUDE_FILE(*crtend?.o *crtend.o) .ctors)
 *(SORT_BY_NAME(.ctors.*))
 *(.ctors)

.dtors
 *crtbegin.o(.dtors)
 *crtbegin?.o(.dtors)
 *(EXCLUDE_FILE(*crtend?.o *crtend.o) .dtors)
 *(SORT_BY_NAME(.dtors.*))
 *(.dtors)

.jcr
 *(.jcr)

.data.rel.ro
 *(.data.rel.ro.local* .gnu.linkonce.d.rel.ro.local.*)
 *(.data.rel.ro .data.rel.ro.* .gnu.linkonce.d.rel.ro.*)

.dynamic
 *(.dynamic)

.got            0x0000000000014000        0x0
 *(.got)
 .got           0x0000000000014000        0x0 kernel/kernel.o
 *(.igot)
                0x0000000000014ff4                . = DATA_SEGMENT_RELRO_END (., (SIZEOF (.got.plt) >= 0xc)?0xc:0x0)

.got.plt        0x0000000000014000        0xc
 *(.got.plt)
 .got.plt       0x0000000000014000        0xc kernel/kernel.o
                0x0000000000014000                _GLOBAL_OFFSET_TABLE_
 *(.igot.plt)
 .igot.plt      0x000000000001400c        0x0 kernel/kernel.o

.data           0x0000000000014020      0xaac
 *(.data .data.* .gnu.linkonce.d.*)
 .data          0x0000000000014020        0x2 kernel/kernel.o
 .data          0x0000000000014022        0x0 kernel/start.o
 .data          0x0000000000014022        0x0 kernel/main.o
 .data          0x0000000000014022        0x0 kernel/clock.o
 *fill*         0x0000000000014022       0x1e 
 .data          0x0000000000014040      0x600 kernel/keyboard.o
                0x0000000000014040                keymap
 .data          0x0000000000014640       0x22 kernel/tty.o
 .data          0x0000000000014662        0x0 kernel/console.o
 .data          0x0000000000014662        0x0 kernel/i8259.o
 *fill*         0x0000000000014662       0x1e 
 .data          0x0000000000014680      0x2b0 kernel/global.o
                0x0000000000014680                queue
                0x0000000000014908                dd_map
                0x0000000000014920                fsbuf
                0x0000000000014924                mmbuf
                0x0000000000014928                logbuf
                0x000000000001492c                logdiskbuf
 *fill*         0x0000000000014930       0x10 
 .data.rel      0x0000000000014940      0x18c kernel/global.o
                0x0000000000014940                task_table
                0x0000000000014a20                user_proc_table
                0x0000000000014ac0                sys_call_table
 .data          0x0000000000014acc        0x0 kernel/protect.o
 .data          0x0000000000014acc        0x0 kernel/proc.o
 .data          0x0000000000014acc        0x0 kernel/systask.o
 .data          0x0000000000014acc        0x0 kernel/hd.o
 .data          0x0000000000014acc        0x0 kernel/klib.o
 .data          0x0000000000014acc        0x0 lib/syslog.o
 .data          0x0000000000014acc        0x0 mm/main.o
 .data          0x0000000000014acc        0x0 mm/forkexit.o
 .data          0x0000000000014acc        0x0 mm/exec.o
 .data          0x0000000000014acc        0x0 fs/main.o
 .data          0x0000000000014acc        0x0 fs/open.o
 .data          0x0000000000014acc        0x0 fs/misc.o
 .data          0x0000000000014acc        0x0 fs/read_write.o
 .data          0x0000000000014acc        0x0 fs/link.o
 .data          0x0000000000014acc        0x0 fs/disklog.o
 .data          0x0000000000014acc        0x0 lib/orangescrt.a(printf.o)
 .data          0x0000000000014acc        0x0 lib/orangescrt.a(vsprintf.o)
 .data          0x0000000000014acc        0x0 lib/orangescrt.a(misc.o)
 .data          0x0000000000014acc        0x0 lib/orangescrt.a(open.o)
 .data          0x0000000000014acc        0x0 lib/orangescrt.a(read.o)
 .data          0x0000000000014acc        0x0 lib/orangescrt.a(write.o)
 .data          0x0000000000014acc        0x0 lib/orangescrt.a(close.o)
 .data          0x0000000000014acc        0x0 lib/orangescrt.a(lseek.o)
 .data          0x0000000000014acc        0x0 lib/orangescrt.a(getpid.o)
 .data          0x0000000000014acc        0x0 lib/orangescrt.a(stat.o)
 .data          0x0000000000014acc        0x0 lib/orangescrt.a(fork.o)
 .data          0x0000000000014acc        0x0 lib/orangescrt.a(wait.o)
 .data          0x0000000000014acc        0x0 lib/orangescrt.a(exec.o)

.data1
 *(.data1)
                0x0000000000014acc                _edata = .
                [!provide]                        PROVIDE (edata = .)
                0x0000000000014acc                . = .
                0x0000000000014acc                __bss_start = .

.bss            0x0000000000014ae0    0x2b944
 *(.dynbss)
 *(.bss .bss.* .gnu.linkonce.b.*)
 .bss           0x0000000000014ae0      0x800 kernel/kernel.o
 .bss           0x00000000000152e0        0x0 kernel/start.o
 .bss           0x00000000000152e0        0x0 kernel/main.o
 .bss           0x00000000000152e0        0x0 kernel/clock.o
 .bss           0x00000000000152e0       0x58 kernel/keyboard.o
 .bss           0x0000000000015338        0x0 kernel/tty.o
 .bss           0x0000000000015338        0x0 kernel/console.o
 .bss           0x0000000000015338        0x0 kernel/i8259.o
 .bss           0x0000000000015338        0x0 kernel/global.o
 .bss           0x0000000000015338        0x0 kernel/protect.o
 .bss           0x0000000000015338        0x0 kernel/proc.o
 .bss           0x0000000000015338        0x0 kernel/systask.o
 *fill*         0x0000000000015338        0x8 
 .bss           0x0000000000015340      0x64c kernel/hd.o
 .bss           0x000000000001598c        0x0 kernel/klib.o
 .bss           0x000000000001598c        0x0 lib/syslog.o
 .bss           0x000000000001598c        0x0 mm/main.o
 .bss           0x000000000001598c        0x0 mm/forkexit.o
 .bss           0x000000000001598c        0x0 mm/exec.o
 .bss           0x000000000001598c        0x0 fs/main.o
 .bss           0x000000000001598c        0x0 fs/open.o
 .bss           0x000000000001598c        0x0 fs/misc.o
 .bss           0x000000000001598c        0x0 fs/read_write.o
 .bss           0x000000000001598c        0x0 fs/link.o
 *fill*         0x000000000001598c       0x14 
 .bss           0x00000000000159a0      0x208 fs/disklog.o
 .bss           0x0000000000015ba8        0x0 lib/orangescrt.a(printf.o)
 .bss           0x0000000000015ba8        0x0 lib/orangescrt.a(vsprintf.o)
 .bss           0x0000000000015ba8        0x0 lib/orangescrt.a(misc.o)
 .bss           0x0000000000015ba8        0x0 lib/orangescrt.a(open.o)
 .bss           0x0000000000015ba8        0x0 lib/orangescrt.a(read.o)
 .bss           0x0000000000015ba8        0x0 lib/orangescrt.a(write.o)
 .bss           0x0000000000015ba8        0x0 lib/orangescrt.a(close.o)
 .bss           0x0000000000015ba8        0x0 lib/orangescrt.a(lseek.o)
 .bss           0x0000000000015ba8        0x0 lib/orangescrt.a(getpid.o)
 .bss           0x0000000000015ba8        0x0 lib/orangescrt.a(stat.o)
 .bss           0x0000000000015ba8        0x0 lib/orangescrt.a(fork.o)
 .bss           0x0000000000015ba8        0x0 lib/orangescrt.a(wait.o)
 .bss           0x0000000000015ba8        0x0 lib/orangescrt.a(exec.o)
 *(COMMON)
 COMMON         0x0000000000015ba8        0x0 kernel/start.o
 *fill*         0x0000000000015ba8       0x18 
 COMMON         0x0000000000015bc0    0x2a854 kernel/global.o
                0x0000000000015bc0                idt_ptr
                0x0000000000015be0                inode_table
                0x00000000000166e0                task_stack
                0x000000000003a6e0                k_reenter
                0x000000000003a700                gdt
                0x000000000003ab00                current_console
                0x000000000003ab04                pcaller
                0x000000000003ab20                tty_table
                0x000000000003b7a0                tss
                0x000000000003b820                fs_msg
                0x000000000003b850                memory_size
                0x000000000003b860                f_desc_table
                0x000000000003bc60                root_inode
                0x000000000003bc64                disp_pos
                0x000000000003bc80                mm_msg
                0x000000000003bcb0                key_pressed
                0x000000000003bcb4                gdt_ptr
                0x000000000003bcc0                idt
                0x000000000003c4c0                super_block
                0x000000000003c6a0                ticks
                0x000000000003c6c0                console_table
                0x000000000003c700                irq_table
                0x000000000003c740                p_proc_ready
                0x000000000003c760                proc_table
 COMMON         0x0000000000040414       0x10 kernel/hd.o
                0x0000000000040414                PARTITION_ENTRY
                0x0000000000040424                . = ALIGN ((. != 0x0)?0x4:0x1)
                0x0000000000040424                . = ALIGN (0x4)
                0x0000000000040424                . = SEGMENT_START ("ldata-segment", .)
                0x0000000000040424                . = ALIGN (0x4)
                0x0000000000040424                _end = .
                [!provide]                        PROVIDE (end = .)
                0x0000000000040424                . = DATA_SEGMENT_END (.)

.stab
 *(.stab)

.stabstr
 *(.stabstr)

.stab.excl
 *(.stab.excl)

.stab.exclstr
 *(.stab.exclstr)

.stab.index
 *(.stab.index)

.stab.indexstr
 *(.stab.indexstr)

.comment        0x0000000000000000       0x29
 *(.comment)
 .comment       0x0000000000000000       0x29 kernel/start.o
                                         0x2a (size before relaxing)
 .comment       0x0000000000000029       0x2a kernel/main.o
 .comment       0x0000000000000029       0x2a kernel/clock.o
 .comment       0x0000000000000029       0x2a kernel/keyboard.o
 .comment       0x0000000000000029       0x2a kernel/tty.o
 .comment       0x0000000000000029       0x2a kernel/console.o
 .comment       0x0000000000000029       0x2a kernel/i8259.o
 .comment       0x0000000000000029       0x2a kernel/global.o
 .comment       0x0000000000000029       0x2a kernel/protect.o
 .comment       0x0000000000000029       0x2a kernel/proc.o
 .comment       0x0000000000000029       0x2a kernel/systask.o
 .comment       0x0000000000000029       0x2a kernel/hd.o
 .comment       0x0000000000000029       0x2a kernel/klib.o
 .comment       0x0000000000000029       0x2a lib/syslog.o
 .comment       0x0000000000000029       0x2a mm/main.o
 .comment       0x0000000000000029       0x2a mm/forkexit.o
 .comment       0x0000000000000029       0x2a mm/exec.o
 .comment       0x0000000000000029       0x2a fs/main.o
 .comment       0x0000000000000029       0x2a fs/open.o
 .comment       0x0000000000000029       0x2a fs/misc.o
 .comment       0x0000000000000029       0x2a fs/read_write.o
 .comment       0x0000000000000029       0x2a fs/link.o
 .comment       0x0000000000000029       0x2a fs/disklog.o
 .comment       0x0000000000000029       0x2a lib/orangescrt.a(printf.o)
 .comment       0x0000000000000029       0x2a lib/orangescrt.a(vsprintf.o)
 .comment       0x0000000000000029       0x2a lib/orangescrt.a(misc.o)
 .comment       0x0000000000000029       0x2a lib/orangescrt.a(open.o)
 .comment       0x0000000000000029       0x2a lib/orangescrt.a(read.o)
 .comment       0x0000000000000029       0x2a lib/orangescrt.a(write.o)
 .comment       0x0000000000000029       0x2a lib/orangescrt.a(close.o)
 .comment       0x0000000000000029       0x2a lib/orangescrt.a(lseek.o)
 .comment       0x0000000000000029       0x2a lib/orangescrt.a(getpid.o)
 .comment       0x0000000000000029       0x2a lib/orangescrt.a(stat.o)
 .comment       0x0000000000000029       0x2a lib/orangescrt.a(fork.o)
 .comment       0x0000000000000029       0x2a lib/orangescrt.a(wait.o)
 .comment       0x0000000000000029       0x2a lib/orangescrt.a(exec.o)

.debug
 *(.debug)

.line
 *(.line)

.debug_srcinfo
 *(.debug_srcinfo)

.debug_sfnames
 *(.debug_sfnames)

.debug_aranges
 *(.debug_aranges)

.debug_pubnames
 *(.debug_pubnames)

.debug_info
 *(.debug_info .gnu.linkonce.wi.*)

.debug_abbrev
 *(.debug_abbrev)

.debug_line
 *(.debug_line .debug_line.* .debug_line_end)

.debug_frame
 *(.debug_frame)

.debug_str
 *(.debug_str)

.debug_loc
 *(.debug_loc)

.debug_macinfo
 *(.debug_macinfo)

.debug_weaknames
 *(.debug_weaknames)

.debug_funcnames
 *(.debug_funcnames)

.debug_typenames
 *(.debug_typenames)

.debug_varnames
 *(.debug_varnames)

.debug_pubtypes
 *(.debug_pubtypes)

.debug_ranges
 *(.debug_ranges)

.debug_macro
 *(.debug_macro)

.debug_addr
 *(.debug_addr)

.gnu.attributes
 *(.gnu.attributes)

/DISCARD/
 *(.note.GNU-stack)
 *(.gnu_debuglink)
 *(.gnu.lto_*)
OUTPUT(kernel.bin elf32-i386)
