Archive member included to satisfy reference by file (symbol)

lib/orangescrt.a(printf.o)    kernel/main.o (printf)
lib/orangescrt.a(vsprintf.o)  kernel/main.o (vsprintf)
lib/orangescrt.a(string.o)    kernel/start.o (memcpy)
lib/orangescrt.a(misc.o)      kernel/main.o (send_recv)
lib/orangescrt.a(open.o)      kernel/main.o (open)
lib/orangescrt.a(read.o)      kernel/main.o (read)
lib/orangescrt.a(write.o)     kernel/main.o (write)
lib/orangescrt.a(close.o)     kernel/main.o (close)
lib/orangescrt.a(lseek.o)     kernel/main.o (lseek)
lib/orangescrt.a(getpid.o)    kernel/main.o (getpid)
lib/orangescrt.a(stat.o)      mm/exec.o (stat)
lib/orangescrt.a(fork.o)      kernel/main.o (fork)
lib/orangescrt.a(wait.o)      kernel/main.o (wait)
lib/orangescrt.a(exec.o)      kernel/main.o (execv)
lib/orangescrt.a(syscall.o)   lib/orangescrt.a(misc.o) (sendrec)

Allocating common symbols
Common symbol       size              file

idt_ptr             0x6               kernel/global.o
inode_table         0xb00             kernel/global.o
task_stack          0x24000           kernel/global.o
k_reenter           0x4               kernel/global.o
gdt                 0x400             kernel/global.o
current_console     0x4               kernel/global.o
pcaller             0x4               kernel/global.o
tty_table           0xc6c             kernel/global.o
tss                 0x68              kernel/global.o
fs_msg              0x30              kernel/global.o
memory_size         0x4               kernel/global.o
f_desc_table        0x400             kernel/global.o
root_inode          0x4               kernel/global.o
disp_pos            0x4               kernel/global.o
mm_msg              0x30              kernel/global.o
key_pressed         0x4               kernel/global.o
gdt_ptr             0x6               kernel/global.o
idt                 0x800             kernel/global.o
super_block         0x1e0             kernel/global.o
PARTITION_ENTRY     0x10              kernel/hd.o
ticks               0x4               kernel/global.o
console_table       0x3c              kernel/global.o
irq_table           0x40              kernel/global.o
p_proc_ready        0x4               kernel/global.o
proc_table          0x3af8            kernel/global.o

Discarded input sections

 .group         0x0000000000000000        0x8 kernel/start.o
 .note.GNU-stack
                0x0000000000000000        0x0 kernel/start.o
 .group         0x0000000000000000        0x8 kernel/main.o
 .group         0x0000000000000000        0x8 kernel/main.o
 .text.__x86.get_pc_thunk.bx
                0x0000000000000000        0x4 kernel/main.o
 .note.GNU-stack
                0x0000000000000000        0x0 kernel/main.o
 .group         0x0000000000000000        0x8 kernel/clock.o
 .text.__x86.get_pc_thunk.bx
                0x0000000000000000        0x4 kernel/clock.o
 .note.GNU-stack
                0x0000000000000000        0x0 kernel/clock.o
 .group         0x0000000000000000        0x8 kernel/keyboard.o
 .text.__x86.get_pc_thunk.bx
                0x0000000000000000        0x4 kernel/keyboard.o
 .note.GNU-stack
                0x0000000000000000        0x0 kernel/keyboard.o
 .group         0x0000000000000000        0x8 kernel/tty.o
 .group         0x0000000000000000        0x8 kernel/tty.o
 .text.__x86.get_pc_thunk.ax
                0x0000000000000000        0x4 kernel/tty.o
 .text.__x86.get_pc_thunk.bx
                0x0000000000000000        0x4 kernel/tty.o
 .note.GNU-stack
                0x0000000000000000        0x0 kernel/tty.o
 .group         0x0000000000000000        0x8 kernel/console.o
 .group         0x0000000000000000        0x8 kernel/console.o
 .group         0x0000000000000000        0x8 kernel/console.o
 .group         0x0000000000000000        0x8 kernel/console.o
 .text.__x86.get_pc_thunk.ax
                0x0000000000000000        0x4 kernel/console.o
 .text.__x86.get_pc_thunk.bx
                0x0000000000000000        0x4 kernel/console.o
 .note.GNU-stack
                0x0000000000000000        0x0 kernel/console.o
 .group         0x0000000000000000        0x8 kernel/i8259.o
 .text.__x86.get_pc_thunk.bx
                0x0000000000000000        0x4 kernel/i8259.o
 .note.GNU-stack
                0x0000000000000000        0x0 kernel/i8259.o
 .note.GNU-stack
                0x0000000000000000        0x0 kernel/global.o
 .group         0x0000000000000000        0x8 kernel/protect.o
 .group         0x0000000000000000        0x8 kernel/protect.o
 .text.__x86.get_pc_thunk.ax
                0x0000000000000000        0x4 kernel/protect.o
 .text.__x86.get_pc_thunk.bx
                0x0000000000000000        0x4 kernel/protect.o
 .note.GNU-stack
                0x0000000000000000        0x0 kernel/protect.o
 .group         0x0000000000000000        0x8 kernel/proc.o
 .group         0x0000000000000000        0x8 kernel/proc.o
 .group         0x0000000000000000        0x8 kernel/proc.o
 .text.__x86.get_pc_thunk.ax
                0x0000000000000000        0x4 kernel/proc.o
 .text.__x86.get_pc_thunk.dx
                0x0000000000000000        0x4 kernel/proc.o
 .text.__x86.get_pc_thunk.bx
                0x0000000000000000        0x4 kernel/proc.o
 .note.GNU-stack
                0x0000000000000000        0x0 kernel/proc.o
 .group         0x0000000000000000        0x8 kernel/systask.o
 .group         0x0000000000000000        0x8 kernel/systask.o
 .text.__x86.get_pc_thunk.ax
                0x0000000000000000        0x4 kernel/systask.o
 .text.__x86.get_pc_thunk.bx
                0x0000000000000000        0x4 kernel/systask.o
 .note.GNU-stack
                0x0000000000000000        0x0 kernel/systask.o
 .group         0x0000000000000000        0x8 kernel/hd.o
 .group         0x0000000000000000        0x8 kernel/hd.o
 .text.__x86.get_pc_thunk.ax
                0x0000000000000000        0x4 kernel/hd.o
 .text.__x86.get_pc_thunk.bx
                0x0000000000000000        0x4 kernel/hd.o
 .note.GNU-stack
                0x0000000000000000        0x0 kernel/hd.o
 .group         0x0000000000000000        0x8 kernel/klib.o
 .group         0x0000000000000000        0x8 kernel/klib.o
 .text.__x86.get_pc_thunk.ax
                0x0000000000000000        0x4 kernel/klib.o
 .text.__x86.get_pc_thunk.bx
                0x0000000000000000        0x4 kernel/klib.o
 .note.GNU-stack
                0x0000000000000000        0x0 kernel/klib.o
 .group         0x0000000000000000        0x8 lib/syslog.o
 .text.__x86.get_pc_thunk.bx
                0x0000000000000000        0x4 lib/syslog.o
 .note.GNU-stack
                0x0000000000000000        0x0 lib/syslog.o
 .group         0x0000000000000000        0x8 mm/main.o
 .group         0x0000000000000000        0x8 mm/main.o
 .text.__x86.get_pc_thunk.ax
                0x0000000000000000        0x4 mm/main.o
 .text.__x86.get_pc_thunk.bx
                0x0000000000000000        0x4 mm/main.o
 .note.GNU-stack
                0x0000000000000000        0x0 mm/main.o
 .group         0x0000000000000000        0x8 mm/forkexit.o
 .group         0x0000000000000000        0x8 mm/forkexit.o
 .text.__x86.get_pc_thunk.ax
                0x0000000000000000        0x4 mm/forkexit.o
 .text.__x86.get_pc_thunk.bx
                0x0000000000000000        0x4 mm/forkexit.o
 .note.GNU-stack
                0x0000000000000000        0x0 mm/forkexit.o
 .group         0x0000000000000000        0x8 mm/exec.o
 .text.__x86.get_pc_thunk.bx
                0x0000000000000000        0x4 mm/exec.o
 .note.GNU-stack
                0x0000000000000000        0x0 mm/exec.o
 .group         0x0000000000000000        0x8 fs/main.o
 .group         0x0000000000000000        0x8 fs/main.o
 .text.__x86.get_pc_thunk.ax
                0x0000000000000000        0x4 fs/main.o
 .text.__x86.get_pc_thunk.bx
                0x0000000000000000        0x4 fs/main.o
 .note.GNU-stack
                0x0000000000000000        0x0 fs/main.o
 .group         0x0000000000000000        0x8 fs/open.o
 .group         0x0000000000000000        0x8 fs/open.o
 .text.__x86.get_pc_thunk.ax
                0x0000000000000000        0x4 fs/open.o
 .text.__x86.get_pc_thunk.bx
                0x0000000000000000        0x4 fs/open.o
 .note.GNU-stack
                0x0000000000000000        0x0 fs/open.o
 .group         0x0000000000000000        0x8 fs/misc.o
 .group         0x0000000000000000        0x8 fs/misc.o
 .text.__x86.get_pc_thunk.cx
                0x0000000000000000        0x4 fs/misc.o
 .text.__x86.get_pc_thunk.bx
                0x0000000000000000        0x4 fs/misc.o
 .note.GNU-stack
                0x0000000000000000        0x0 fs/misc.o
 .group         0x0000000000000000        0x8 fs/read_write.o
 .text.__x86.get_pc_thunk.bx
                0x0000000000000000        0x4 fs/read_write.o
 .note.GNU-stack
                0x0000000000000000        0x0 fs/read_write.o
 .group         0x0000000000000000        0x8 fs/link.o
 .text.__x86.get_pc_thunk.bx
                0x0000000000000000        0x4 fs/link.o
 .note.GNU-stack
                0x0000000000000000        0x0 fs/link.o
 .group         0x0000000000000000        0x8 fs/disklog.o
 .text.__x86.get_pc_thunk.bx
                0x0000000000000000        0x4 fs/disklog.o
 .note.GNU-stack
                0x0000000000000000        0x0 fs/disklog.o
 .group         0x0000000000000000        0x8 lib/orangescrt.a(printf.o)
 .text.__x86.get_pc_thunk.bx
                0x0000000000000000        0x4 lib/orangescrt.a(printf.o)
 .note.GNU-stack
                0x0000000000000000        0x0 lib/orangescrt.a(printf.o)
 .group         0x0000000000000000        0x8 lib/orangescrt.a(vsprintf.o)
 .group         0x0000000000000000        0x8 lib/orangescrt.a(vsprintf.o)
 .text.__x86.get_pc_thunk.ax
                0x0000000000000000        0x4 lib/orangescrt.a(vsprintf.o)
 .text.__x86.get_pc_thunk.bx
                0x0000000000000000        0x4 lib/orangescrt.a(vsprintf.o)
 .note.GNU-stack
                0x0000000000000000        0x0 lib/orangescrt.a(vsprintf.o)
 .group         0x0000000000000000        0x8 lib/orangescrt.a(misc.o)
 .group         0x0000000000000000        0x8 lib/orangescrt.a(misc.o)
 .text.__x86.get_pc_thunk.ax
                0x0000000000000000        0x4 lib/orangescrt.a(misc.o)
 .text.__x86.get_pc_thunk.bx
                0x0000000000000000        0x4 lib/orangescrt.a(misc.o)
 .note.GNU-stack
                0x0000000000000000        0x0 lib/orangescrt.a(misc.o)
 .group         0x0000000000000000        0x8 lib/orangescrt.a(open.o)
 .text.__x86.get_pc_thunk.bx
                0x0000000000000000        0x4 lib/orangescrt.a(open.o)
 .note.GNU-stack
                0x0000000000000000        0x0 lib/orangescrt.a(open.o)
 .group         0x0000000000000000        0x8 lib/orangescrt.a(read.o)
 .text.__x86.get_pc_thunk.ax
                0x0000000000000000        0x4 lib/orangescrt.a(read.o)
 .note.GNU-stack
                0x0000000000000000        0x0 lib/orangescrt.a(read.o)
 .group         0x0000000000000000        0x8 lib/orangescrt.a(write.o)
 .text.__x86.get_pc_thunk.ax
                0x0000000000000000        0x4 lib/orangescrt.a(write.o)
 .note.GNU-stack
                0x0000000000000000        0x0 lib/orangescrt.a(write.o)
 .group         0x0000000000000000        0x8 lib/orangescrt.a(close.o)
 .text.__x86.get_pc_thunk.ax
                0x0000000000000000        0x4 lib/orangescrt.a(close.o)
 .note.GNU-stack
                0x0000000000000000        0x0 lib/orangescrt.a(close.o)
 .group         0x0000000000000000        0x8 lib/orangescrt.a(lseek.o)
 .text.__x86.get_pc_thunk.ax
                0x0000000000000000        0x4 lib/orangescrt.a(lseek.o)
 .note.GNU-stack
                0x0000000000000000        0x0 lib/orangescrt.a(lseek.o)
 .group         0x0000000000000000        0x8 lib/orangescrt.a(getpid.o)
 .text.__x86.get_pc_thunk.bx
                0x0000000000000000        0x4 lib/orangescrt.a(getpid.o)
 .note.GNU-stack
                0x0000000000000000        0x0 lib/orangescrt.a(getpid.o)
 .group         0x0000000000000000        0x8 lib/orangescrt.a(stat.o)
 .text.__x86.get_pc_thunk.bx
                0x0000000000000000        0x4 lib/orangescrt.a(stat.o)
 .note.GNU-stack
                0x0000000000000000        0x0 lib/orangescrt.a(stat.o)
 .group         0x0000000000000000        0x8 lib/orangescrt.a(fork.o)
 .text.__x86.get_pc_thunk.bx
                0x0000000000000000        0x4 lib/orangescrt.a(fork.o)
 .note.GNU-stack
                0x0000000000000000        0x0 lib/orangescrt.a(fork.o)
 .group         0x0000000000000000        0x8 lib/orangescrt.a(wait.o)
 .text.__x86.get_pc_thunk.ax
                0x0000000000000000        0x4 lib/orangescrt.a(wait.o)
 .note.GNU-stack
                0x0000000000000000        0x0 lib/orangescrt.a(wait.o)
 .group         0x0000000000000000        0x8 lib/orangescrt.a(exec.o)
 .group         0x0000000000000000        0x8 lib/orangescrt.a(exec.o)
 .text.__x86.get_pc_thunk.ax
                0x0000000000000000        0x4 lib/orangescrt.a(exec.o)
 .text.__x86.get_pc_thunk.bx
                0x0000000000000000        0x4 lib/orangescrt.a(exec.o)
 .note.GNU-stack
                0x0000000000000000        0x0 lib/orangescrt.a(exec.o)

Memory Configuration

Name             Origin             Length             Attributes
*default*        0x0000000000000000 0xffffffffffffffff

Linker script and memory map

Address of section .text set to 0x1000
LOAD kernel/kernel.o
LOAD kernel/start.o
LOAD kernel/main.o
LOAD kernel/clock.o
LOAD kernel/keyboard.o
LOAD kernel/tty.o
LOAD kernel/console.o
LOAD kernel/i8259.o
LOAD kernel/global.o
LOAD kernel/protect.o
LOAD kernel/proc.o
LOAD kernel/systask.o
LOAD kernel/hd.o
LOAD kernel/kliba.o
LOAD kernel/klib.o
LOAD lib/syslog.o
LOAD mm/main.o
LOAD mm/forkexit.o
LOAD mm/exec.o
LOAD fs/main.o
LOAD fs/open.o
LOAD fs/misc.o
LOAD fs/read_write.o
LOAD fs/link.o
LOAD fs/disklog.o
LOAD lib/orangescrt.a
                [!provide]                        PROVIDE (__executable_start = SEGMENT_START ("text-segment", 0x8048000))
                0x0000000008048094                . = (SEGMENT_START ("text-segment", 0x8048000) + SIZEOF_HEADERS)

.interp
 *(.interp)

.note.gnu.build-id
 *(.note.gnu.build-id)

.hash
 *(.hash)

.gnu.hash
 *(.gnu.hash)

.dynsym
 *(.dynsym)

.dynstr
 *(.dynstr)

.gnu.version
 *(.gnu.version)

.gnu.version_d
 *(.gnu.version_d)

.gnu.version_r
 *(.gnu.version_r)

.rel.dyn        0x0000000008048094        0x0
 *(.rel.init)
 *(.rel.text .rel.text.* .rel.gnu.linkonce.t.*)
 .rel.text      0x0000000008048094        0x0 kernel/kernel.o
 *(.rel.fini)
 *(.rel.rodata .rel.rodata.* .rel.gnu.linkonce.r.*)
 *(.rel.data.rel.ro .rel.data.rel.ro.* .rel.gnu.linkonce.d.rel.ro.*)
 *(.rel.data .rel.data.* .rel.gnu.linkonce.d.*)
 *(.rel.tdata .rel.tdata.* .rel.gnu.linkonce.td.*)
 *(.rel.tbss .rel.tbss.* .rel.gnu.linkonce.tb.*)
 *(.rel.ctors)
 *(.rel.dtors)
 *(.rel.got)
 .rel.got       0x0000000008048094        0x0 kernel/kernel.o
 *(.rel.bss .rel.bss.* .rel.gnu.linkonce.b.*)
 *(.rel.ifunc)

.rel.plt        0x0000000008048094        0x0
 *(.rel.plt)
                [!provide]                        PROVIDE (__rel_iplt_start = .)
 *(.rel.iplt)
 .rel.iplt      0x0000000008048094        0x0 kernel/kernel.o
                [!provide]                        PROVIDE (__rel_iplt_end = .)

.init
 *(SORT_NONE(.init))

.plt            0x0000000008048098        0x0
 *(.plt)
 *(.iplt)
 .iplt          0x0000000008048098        0x0 kernel/kernel.o

.plt.got
 *(.plt.got)

.plt.sec
 *(.plt.sec)

.text           0x0000000000001000     0xd6b0
 *(.text.unlikely .text.*_unlikely .text.unlikely.*)
 *(.text.exit .text.exit.*)
 *(.text.startup .text.startup.*)
 *(.text.hot .text.hot.*)
 *(.text .stub .text.* .gnu.linkonce.t.*)
 .text          0x0000000000001000      0x410 kernel/kernel.o
                0x0000000000001000                _start
                0x0000000000001040                hwint00
                0x0000000000001070                hwint01
                0x00000000000010a0                hwint02
                0x00000000000010d0                hwint03
                0x0000000000001100                hwint04
                0x0000000000001130                hwint05
                0x0000000000001160                hwint06
                0x0000000000001190                hwint07
                0x00000000000011c0                hwint08
                0x00000000000011f0                hwint09
                0x0000000000001220                hwint10
                0x0000000000001250                hwint11
                0x0000000000001280                hwint12
                0x00000000000012b0                hwint13
                0x00000000000012e0                hwint14
                0x0000000000001310                hwint15
                0x0000000000001334                divide_error
                0x000000000000133a                single_step_exception
                0x0000000000001340                nmi
                0x0000000000001346                breakpoint_exception
                0x000000000000134c                overflow
                0x0000000000001352                bounds_check
                0x0000000000001358                inval_opcode
                0x000000000000135e                copr_not_available
                0x0000000000001364                double_fault
                0x0000000000001368                copr_seg_overrun
                0x000000000000136e                inval_tss
                0x0000000000001372                segment_not_present
                0x0000000000001376                stack_exception
                0x000000000000137a                general_protection
                0x000000000000137e                page_fault
                0x0000000000001382                copr_error
                0x00000000000013cb                sys_call
                0x00000000000013eb                restart
 .text          0x0000000000001410       0xc3 kernel/start.o
                0x0000000000001410                cstart
 .text.__x86.get_pc_thunk.bx
                0x00000000000014d3        0x4 kernel/start.o
                0x00000000000014d3                __x86.get_pc_thunk.bx
 .text          0x00000000000014d7      0xb5b kernel/main.o
                0x00000000000014d7                kernel_main
                0x0000000000001825                get_ticks
                0x0000000000001868                untar
                0x0000000000001b45                shabby_shell
                0x0000000000001e0e                Init
                0x0000000000001fab                TestA
                0x0000000000001fba                TestB
                0x0000000000001fc9                TestC
                0x0000000000001fd8                panic
 .text.__x86.get_pc_thunk.ax
                0x0000000000002032        0x4 kernel/main.o
                0x0000000000002032                __x86.get_pc_thunk.ax
 .text          0x0000000000002036      0x157 kernel/clock.o
                0x0000000000002036                clock_handler
                0x00000000000020da                milli_delay
                0x0000000000002124                init_clock
 .text          0x000000000000218d      0x7a7 kernel/keyboard.o
                0x000000000000218d                keyboard_handler
                0x0000000000002212                init_keyboard
                0x00000000000022dc                keyboard_read
 .text          0x0000000000002934      0xb5c kernel/tty.o
                0x0000000000002934                task_tty
                0x0000000000002b60                in_process
                0x0000000000003132                sys_printx
                0x00000000000032fa                dump_tty_buf
 .text          0x0000000000003490      0x8d6 kernel/console.o
                0x0000000000003490                init_screen
                0x000000000000361f                out_char
                0x000000000000396e                is_current_console
                0x0000000000003a8f                select_console
                0x0000000000003ae2                scroll_screen
 .text.__x86.get_pc_thunk.dx
                0x0000000000003d66        0x4 kernel/console.o
                0x0000000000003d66                __x86.get_pc_thunk.dx
 .text.__x86.get_pc_thunk.cx
                0x0000000000003d6a        0x4 kernel/console.o
                0x0000000000003d6a                __x86.get_pc_thunk.cx
 .text          0x0000000000003d6e      0x167 kernel/i8259.o
                0x0000000000003d6e                init_8259A
                0x0000000000003e56                spurious_irq
                0x0000000000003ea0                put_irq_handler
 .text          0x0000000000003ed5        0x0 kernel/global.o
 .text          0x0000000000003ed5      0x71f kernel/protect.o
                0x0000000000003ed5                init_prot
                0x00000000000043ca                seg2linear
                0x0000000000004426                init_desc
                0x000000000000449d                exception_handler
 .text          0x00000000000045f4     0x19f4 kernel/proc.o
                0x00000000000045f4                schedule
                0x00000000000046a8                sys_sendrec
                0x00000000000047ef                ldt_seg_linear
                0x0000000000004843                va2la
                0x00000000000048bc                reset_msg
                0x000000000000587d                inform_int
                0x0000000000005a1d                dump_proc
                0x0000000000005d89                dump_msg
                0x0000000000005eba                retaddress_error
                0x0000000000005f0d                sys_check_stack_overflow
 .text          0x0000000000005fe8      0x2e6 kernel/systask.o
                0x0000000000005fe8                task_sys
 .text          0x00000000000062ce      0xe87 kernel/hd.o
                0x00000000000062ce                task_hd
                0x000000000000711a                hd_handler
 *fill*         0x0000000000007155        0xb 
 .text          0x0000000000007160      0x1a6 kernel/kliba.o
                0x0000000000007160                disp_str
                0x00000000000071a4                disp_color_str
                0x00000000000071e9                out_byte
                0x00000000000071f5                in_byte
                0x00000000000071ff                port_read
                0x0000000000007212                port_write
                0x0000000000007225                disable_irq
                0x000000000000725a                enable_irq
                0x0000000000007279                disable_int
                0x000000000000727b                enable_int
                0x000000000000727d                glitter
 .text          0x0000000000007306      0x306 kernel/klib.o
                0x0000000000007306                get_boot_params
                0x00000000000073a9                get_kernel_map
                0x00000000000074d0                itoa
                0x0000000000007585                disp_int
                0x00000000000075bb                delay
 .text          0x000000000000760c       0x84 lib/syslog.o
                0x000000000000760c                syslog
 .text          0x0000000000007690      0x22d mm/main.o
                0x0000000000007690                task_mm
                0x0000000000007812                alloc_mem
                0x00000000000078a9                free_mem
 .text          0x00000000000078bd      0x6b1 mm/forkexit.o
                0x00000000000078bd                do_fork
                0x0000000000007c46                do_exit
                0x0000000000007e99                do_wait
 .text          0x0000000000007f6e      0x3b4 mm/exec.o
                0x0000000000007f6e                do_exec
 .text          0x0000000000008322     0x127a fs/main.o
                0x0000000000008322                task_fs
                0x0000000000008ec8                rw_sector
                0x000000000000911d                get_super_block
                0x000000000000917f                get_inode
                0x0000000000009301                put_inode
                0x0000000000009355                sync_inode
 .text          0x000000000000959c      0xccf fs/open.o
                0x000000000000959c                do_open
                0x0000000000009b58                do_close
                0x0000000000009bf2                do_lseek
 .text          0x000000000000a26b      0x578 fs/misc.o
                0x000000000000a26b                do_stat
                0x000000000000a467                do_list
                0x000000000000a5dd                search_file
                0x000000000000a746                strip_path
 .text          0x000000000000a7e3      0x564 fs/read_write.o
                0x000000000000a7e3                do_rdwt
 .text          0x000000000000ad47      0x88d fs/link.o
                0x000000000000ad47                do_unlink
 .text          0x000000000000b5d4     0x22cf fs/disklog.o
                0x000000000000b5d4                disklog
                0x000000000000bbc9                dump_fd_graph
 .text          0x000000000000d8a3       0xd1 lib/orangescrt.a(printf.o)
                0x000000000000d8a3                printf
                0x000000000000d923                printl
 .text          0x000000000000d974      0x330 lib/orangescrt.a(vsprintf.o)
                0x000000000000d9e4                vsprintf
                0x000000000000dc74                sprintf
 *fill*         0x000000000000dca4        0xc 
 .text          0x000000000000dcb0       0x78 lib/orangescrt.a(string.o)
                0x000000000000dcb0                memcpy
                0x000000000000dcd9                memset
                0x000000000000dcfa                strcpy
                0x000000000000dd12                strlen
 .text          0x000000000000dd28      0x2ab lib/orangescrt.a(misc.o)
                0x000000000000dd28                send_recv
                0x000000000000ddf7                memcmp
                0x000000000000de77                strcmp
                0x000000000000def4                strcat
                0x000000000000df5d                spin
                0x000000000000df87                assertion_failure
 .text          0x000000000000dfd3       0x78 lib/orangescrt.a(open.o)
                0x000000000000dfd3                open
 .text          0x000000000000e04b       0x47 lib/orangescrt.a(read.o)
                0x000000000000e04b                read
 .text          0x000000000000e092       0x47 lib/orangescrt.a(write.o)
                0x000000000000e092                write
 .text          0x000000000000e0d9       0x3b lib/orangescrt.a(close.o)
                0x000000000000e0d9                close
 .text          0x000000000000e114       0x47 lib/orangescrt.a(lseek.o)
                0x000000000000e114                lseek
 .text          0x000000000000e15b       0x5b lib/orangescrt.a(getpid.o)
                0x000000000000e15b                getpid
 .text          0x000000000000e1b6      0x181 lib/orangescrt.a(stat.o)
                0x000000000000e1b6                stat
                0x000000000000e22e                list
 .text          0x000000000000e337       0x81 lib/orangescrt.a(fork.o)
                0x000000000000e337                fork
 .text          0x000000000000e3b8       0x4c lib/orangescrt.a(wait.o)
                0x000000000000e3b8                wait
 .text          0x000000000000e404      0x277 lib/orangescrt.a(exec.o)
                0x000000000000e404                exec
                0x000000000000e484                execl
                0x000000000000e4b3                execv
 *fill*         0x000000000000e67b        0x5 
 .text          0x000000000000e680       0x30 lib/orangescrt.a(syscall.o)
                0x000000000000e680                sendrec
                0x000000000000e69a                printx
                0x000000000000e6a8                check_overflow
 *(.gnu.warning)

.fini
 *(SORT_NONE(.fini))
                [!provide]                        PROVIDE (__etext = .)
                [!provide]                        PROVIDE (_etext = .)
                [!provide]                        PROVIDE (etext = .)

.rodata         0x000000000000e6c0     0x260b
 *(.rodata .rodata.* .gnu.linkonce.r.*)
 .rodata        0x000000000000e6c0       0x47 kernel/start.o
 *fill*         0x000000000000e707        0x1 
 .rodata        0x000000000000e708      0x1e8 kernel/main.o
 .rodata        0x000000000000e8f0       0x64 kernel/keyboard.o
 .rodata        0x000000000000e954      0x168 kernel/tty.o
 .rodata        0x000000000000eabc       0x5b kernel/console.o
 .rodata        0x000000000000eb17       0x11 kernel/i8259.o
 .rodata        0x000000000000eb28       0x10 kernel/global.o
                0x000000000000eb28                FSBUF_SIZE
                0x000000000000eb2c                MMBUF_SIZE
                0x000000000000eb30                LOGBUF_SIZE
                0x000000000000eb34                LOGDISKBUF_SIZE
 *fill*         0x000000000000eb38        0x8 
 .rodata        0x000000000000eb40      0x580 kernel/protect.o
 .rodata        0x000000000000f0c0      0x60d kernel/proc.o
 .rodata        0x000000000000f6cd       0x11 kernel/systask.o
 *fill*         0x000000000000f6de        0x2 
 .rodata        0x000000000000f6e0      0x15c kernel/hd.o
 .rodata        0x000000000000f83c       0x6a kernel/klib.o
 .rodata        0x000000000000f8a6       0x1e lib/syslog.o
 .rodata        0x000000000000f8c4       0xb1 mm/main.o
 *fill*         0x000000000000f975        0x3 
 .rodata        0x000000000000f978       0xe7 mm/forkexit.o
 *fill*         0x000000000000fa5f        0x1 
 .rodata        0x000000000000fa60       0xa4 mm/exec.o
 .rodata        0x000000000000fb04      0x252 fs/main.o
 *fill*         0x000000000000fd56        0x2 
 .rodata        0x000000000000fd58      0x1c8 fs/open.o
 .rodata        0x000000000000ff20       0x62 fs/misc.o
 *fill*         0x000000000000ff82        0x2 
 .rodata        0x000000000000ff84      0x164 fs/read_write.o
 .rodata        0x00000000000100e8      0x1ad fs/link.o
 *fill*         0x0000000000010295        0x3 
 .rodata        0x0000000000010298      0x806 fs/disklog.o
 .rodata        0x0000000000010a9e       0x14 lib/orangescrt.a(printf.o)
 *fill*         0x0000000000010ab2        0x2 
 .rodata        0x0000000000010ab4       0xad lib/orangescrt.a(misc.o)
 .rodata        0x0000000000010b61       0x23 lib/orangescrt.a(open.o)
 .rodata        0x0000000000010b84       0x25 lib/orangescrt.a(getpid.o)
 *fill*         0x0000000000010ba9        0x3 
 .rodata        0x0000000000010bac       0x64 lib/orangescrt.a(stat.o)
 .rodata        0x0000000000010c10       0x33 lib/orangescrt.a(fork.o)
 *fill*         0x0000000000010c43        0x1 
 .rodata        0x0000000000010c44       0x87 lib/orangescrt.a(exec.o)

.rodata1
 *(.rodata1)

.eh_frame_hdr
 *(.eh_frame_hdr)
 *(.eh_frame_entry .eh_frame_entry.*)

.eh_frame       0x0000000000010ccc     0x1508
 *(.eh_frame)
 .eh_frame      0x0000000000010ccc       0x50 kernel/start.o
 .eh_frame      0x0000000000010d1c      0x128 kernel/main.o
                                        0x154 (size before relaxing)
 .eh_frame      0x0000000000010e44       0x6c kernel/clock.o
                                         0x98 (size before relaxing)
 .eh_frame      0x0000000000010eb0       0xfc kernel/keyboard.o
                                        0x128 (size before relaxing)
 .eh_frame      0x0000000000010fac      0x15c kernel/tty.o
                                        0x19c (size before relaxing)
 .eh_frame      0x0000000000011108      0x180 kernel/console.o
                                        0x1c0 (size before relaxing)
 .eh_frame      0x0000000000011288       0x6c kernel/i8259.o
                                         0x98 (size before relaxing)
 .eh_frame      0x00000000000112f4       0xb8 kernel/protect.o
                                         0xf8 (size before relaxing)
 .eh_frame      0x00000000000113ac      0x22c kernel/proc.o
                                        0x280 (size before relaxing)
 .eh_frame      0x00000000000115d8       0x64 kernel/systask.o
                                         0xa4 (size before relaxing)
 .eh_frame      0x000000000001163c      0x200 kernel/hd.o
                                        0x240 (size before relaxing)
 .eh_frame      0x000000000001183c       0xac kernel/klib.o
                                         0xec (size before relaxing)
 .eh_frame      0x00000000000118e8       0x24 lib/syslog.o
                                         0x50 (size before relaxing)
 .eh_frame      0x000000000001190c       0x84 mm/main.o
                                         0xc4 (size before relaxing)
 .eh_frame      0x0000000000011990       0x9c mm/forkexit.o
                                         0xdc (size before relaxing)
 .eh_frame      0x0000000000011a2c       0x30 mm/exec.o
                                         0x5c (size before relaxing)
 .eh_frame      0x0000000000011a5c      0x190 fs/main.o
                                        0x1d0 (size before relaxing)
 .eh_frame      0x0000000000011bec      0x13c fs/open.o
                                        0x17c (size before relaxing)
 .eh_frame      0x0000000000011d28       0xa8 fs/misc.o
                                         0xe8 (size before relaxing)
 .eh_frame      0x0000000000011dd0       0x30 fs/read_write.o
                                         0x5c (size before relaxing)
 .eh_frame      0x0000000000011e00       0x30 fs/link.o
                                         0x5c (size before relaxing)
 .eh_frame      0x0000000000011e30       0x60 fs/disklog.o
                                         0x8c (size before relaxing)
 .eh_frame      0x0000000000011e90       0x48 lib/orangescrt.a(printf.o)
                                         0x74 (size before relaxing)
 .eh_frame      0x0000000000011ed8       0x68 lib/orangescrt.a(vsprintf.o)
                                         0xa8 (size before relaxing)
 .eh_frame      0x0000000000011f40       0xc4 lib/orangescrt.a(misc.o)
                                        0x104 (size before relaxing)
 .eh_frame      0x0000000000012004       0x24 lib/orangescrt.a(open.o)
                                         0x50 (size before relaxing)
 .eh_frame      0x0000000000012028       0x24 lib/orangescrt.a(read.o)
                                         0x50 (size before relaxing)
 .eh_frame      0x000000000001204c       0x24 lib/orangescrt.a(write.o)
                                         0x50 (size before relaxing)
 .eh_frame      0x0000000000012070       0x24 lib/orangescrt.a(close.o)
                                         0x50 (size before relaxing)
 .eh_frame      0x0000000000012094       0x24 lib/orangescrt.a(lseek.o)
                                         0x50 (size before relaxing)
 .eh_frame      0x00000000000120b8       0x24 lib/orangescrt.a(getpid.o)
                                         0x50 (size before relaxing)
 .eh_frame      0x00000000000120dc       0x48 lib/orangescrt.a(stat.o)
                                         0x74 (size before relaxing)
 .eh_frame      0x0000000000012124       0x24 lib/orangescrt.a(fork.o)
                                         0x50 (size before relaxing)
 .eh_frame      0x0000000000012148       0x24 lib/orangescrt.a(wait.o)
                                         0x50 (size before relaxing)
 .eh_frame      0x000000000001216c       0x68 lib/orangescrt.a(exec.o)
                                         0xa8 (size before relaxing)
 *(.eh_frame.*)

.gcc_except_table
 *(.gcc_except_table .gcc_except_table.*)

.gnu_extab
 *(.gnu_extab*)

.exception_ranges
 *(.exception_ranges .exception_ranges*)
                0x0000000000014000                . = DATA_SEGMENT_ALIGN (CONSTANT (MAXPAGESIZE), CONSTANT (COMMONPAGESIZE))

.eh_frame
 *(.eh_frame)
 *(.eh_frame.*)

.gnu_extab
 *(.gnu_extab)

.gcc_except_table
 *(.gcc_except_table .gcc_except_table.*)

.exception_ranges
 *(.exception_ranges .exception_ranges*)

.tdata
 *(.tdata .tdata.* .gnu.linkonce.td.*)

.tbss
 *(.tbss .tbss.* .gnu.linkonce.tb.*)
 *(.tcommon)

.preinit_array  0x0000000000014000        0x0
                [!provide]                        PROVIDE (__preinit_array_start = .)
 *(.preinit_array)
                [!provide]                        PROVIDE (__preinit_array_end = .)

.init_array     0x0000000000014000        0x0
                [!provide]                        PROVIDE (__init_array_start = .)
 *(SORT_BY_INIT_PRIORITY(.init_array.*) SORT_BY_INIT_PRIORITY(.ctors.*))
 *(.init_array EXCLUDE_FILE(*crtend?.o *crtend.o *crtbegin?.o *crtbegin.o) .ctors)
                [!provide]                        PROVIDE (__init_array_end = .)

.fini_array     0x0000000000014000        0x0
                [!provide]                        PROVIDE (__fini_array_start = .)
 *(SORT_BY_INIT_PRIORITY(.fini_array.*) SORT_BY_INIT_PRIORITY(.dtors.*))
 *(.fini_array EXCLUDE_FILE(*crtend?.o *crtend.o *crtbegin?.o *crtbegin.o) .dtors)
                [!provide]                        PROVIDE (__fini_array_end = .)

.ctors
 *crtbegin.o(.ctors)
 *crtbegin?.o(.ctors)
 *(EXCLUDE_FILE(*crtend?.o *crtend.o) .ctors)
 *(SORT_BY_NAME(.ctors.*))
 *(.ctors)

.dtors
 *crtbegin.o(.dtors)
 *crtbegin?.o(.dtors)
 *(EXCLUDE_FILE(*crtend?.o *crtend.o) .dtors)
 *(SORT_BY_NAME(.dtors.*))
 *(.dtors)

.jcr
 *(.jcr)

.data.rel.ro
 *(.data.rel.ro.local* .gnu.linkonce.d.rel.ro.local.*)
 *(.data.rel.ro .data.rel.ro.* .gnu.linkonce.d.rel.ro.*)

.dynamic
 *(.dynamic)

.got            0x0000000000014000        0x0
 *(.got)
 .got           0x0000000000014000        0x0 kernel/kernel.o
 *(.igot)
                0x0000000000014ff4                . = DATA_SEGMENT_RELRO_END (., (SIZEOF (.got.plt) >= 0xc)?0xc:0x0)

.got.plt        0x0000000000014000        0xc
 *(.got.plt)
 .got.plt       0x0000000000014000        0xc kernel/kernel.o
                0x0000000000014000                _GLOBAL_OFFSET_TABLE_
 *(.igot.plt)
 .igot.plt      0x000000000001400c        0x0 kernel/kernel.o

.data           0x0000000000014020      0x80c
 *(.data .data.* .gnu.linkonce.d.*)
 .data          0x0000000000014020        0x2 kernel/kernel.o
 .data          0x0000000000014022        0x0 kernel/start.o
 .data          0x0000000000014022        0x0 kernel/main.o
 .data          0x0000000000014022        0x0 kernel/clock.o
 *fill*         0x0000000000014022       0x1e 
 .data          0x0000000000014040      0x600 kernel/keyboard.o
                0x0000000000014040                keymap
 .data          0x0000000000014640       0x22 kernel/tty.o
 .data          0x0000000000014662        0x0 kernel/console.o
 .data          0x0000000000014662        0x0 kernel/i8259.o
 *fill*         0x0000000000014662        0x2 
 .data          0x0000000000014664       0x28 kernel/global.o
                0x0000000000014664                dd_map
                0x000000000001467c                fsbuf
                0x0000000000014680                mmbuf
                0x0000000000014684                logbuf
                0x0000000000014688                logdiskbuf
 *fill*         0x000000000001468c       0x14 
 .data.rel      0x00000000000146a0      0x18c kernel/global.o
                0x00000000000146a0                task_table
                0x0000000000014780                user_proc_table
                0x0000000000014820                sys_call_table
 .data          0x000000000001482c        0x0 kernel/protect.o
 .data          0x000000000001482c        0x0 kernel/proc.o
 .data          0x000000000001482c        0x0 kernel/systask.o
 .data          0x000000000001482c        0x0 kernel/hd.o
 .data          0x000000000001482c        0x0 kernel/klib.o
 .data          0x000000000001482c        0x0 lib/syslog.o
 .data          0x000000000001482c        0x0 mm/main.o
 .data          0x000000000001482c        0x0 mm/forkexit.o
 .data          0x000000000001482c        0x0 mm/exec.o
 .data          0x000000000001482c        0x0 fs/main.o
 .data          0x000000000001482c        0x0 fs/open.o
 .data          0x000000000001482c        0x0 fs/misc.o
 .data          0x000000000001482c        0x0 fs/read_write.o
 .data          0x000000000001482c        0x0 fs/link.o
 .data          0x000000000001482c        0x0 fs/disklog.o
 .data          0x000000000001482c        0x0 lib/orangescrt.a(printf.o)
 .data          0x000000000001482c        0x0 lib/orangescrt.a(vsprintf.o)
 .data          0x000000000001482c        0x0 lib/orangescrt.a(misc.o)
 .data          0x000000000001482c        0x0 lib/orangescrt.a(open.o)
 .data          0x000000000001482c        0x0 lib/orangescrt.a(read.o)
 .data          0x000000000001482c        0x0 lib/orangescrt.a(write.o)
 .data          0x000000000001482c        0x0 lib/orangescrt.a(close.o)
 .data          0x000000000001482c        0x0 lib/orangescrt.a(lseek.o)
 .data          0x000000000001482c        0x0 lib/orangescrt.a(getpid.o)
 .data          0x000000000001482c        0x0 lib/orangescrt.a(stat.o)
 .data          0x000000000001482c        0x0 lib/orangescrt.a(fork.o)
 .data          0x000000000001482c        0x0 lib/orangescrt.a(wait.o)
 .data          0x000000000001482c        0x0 lib/orangescrt.a(exec.o)

.data1
 *(.data1)
                0x000000000001482c                _edata = .
                [!provide]                        PROVIDE (edata = .)
                0x000000000001482c                . = .
                0x000000000001482c                __bss_start = .

.bss            0x0000000000014840    0x2b788
 *(.dynbss)
 *(.bss .bss.* .gnu.linkonce.b.*)
 .bss           0x0000000000014840      0x800 kernel/kernel.o
 .bss           0x0000000000015040        0x0 kernel/start.o
 .bss           0x0000000000015040        0x0 kernel/main.o
 .bss           0x0000000000015040        0x0 kernel/clock.o
 .bss           0x0000000000015040       0x58 kernel/keyboard.o
 .bss           0x0000000000015098        0x0 kernel/tty.o
 .bss           0x0000000000015098        0x0 kernel/console.o
 .bss           0x0000000000015098        0x0 kernel/i8259.o
 .bss           0x0000000000015098        0x0 kernel/global.o
 .bss           0x0000000000015098        0x0 kernel/protect.o
 .bss           0x0000000000015098        0x0 kernel/proc.o
 .bss           0x0000000000015098        0x0 kernel/systask.o
 *fill*         0x0000000000015098        0x8 
 .bss           0x00000000000150a0      0x64c kernel/hd.o
 .bss           0x00000000000156ec        0x0 kernel/klib.o
 .bss           0x00000000000156ec        0x0 lib/syslog.o
 .bss           0x00000000000156ec        0x0 mm/main.o
 .bss           0x00000000000156ec        0x0 mm/forkexit.o
 .bss           0x00000000000156ec        0x0 mm/exec.o
 .bss           0x00000000000156ec        0x0 fs/main.o
 .bss           0x00000000000156ec        0x0 fs/open.o
 .bss           0x00000000000156ec        0x0 fs/misc.o
 .bss           0x00000000000156ec        0x0 fs/read_write.o
 .bss           0x00000000000156ec        0x0 fs/link.o
 *fill*         0x00000000000156ec       0x14 
 .bss           0x0000000000015700      0x208 fs/disklog.o
 .bss           0x0000000000015908        0x0 lib/orangescrt.a(printf.o)
 .bss           0x0000000000015908        0x0 lib/orangescrt.a(vsprintf.o)
 .bss           0x0000000000015908        0x0 lib/orangescrt.a(misc.o)
 .bss           0x0000000000015908        0x0 lib/orangescrt.a(open.o)
 .bss           0x0000000000015908        0x0 lib/orangescrt.a(read.o)
 .bss           0x0000000000015908        0x0 lib/orangescrt.a(write.o)
 .bss           0x0000000000015908        0x0 lib/orangescrt.a(close.o)
 .bss           0x0000000000015908        0x0 lib/orangescrt.a(lseek.o)
 .bss           0x0000000000015908        0x0 lib/orangescrt.a(getpid.o)
 .bss           0x0000000000015908        0x0 lib/orangescrt.a(stat.o)
 .bss           0x0000000000015908        0x0 lib/orangescrt.a(fork.o)
 .bss           0x0000000000015908        0x0 lib/orangescrt.a(wait.o)
 .bss           0x0000000000015908        0x0 lib/orangescrt.a(exec.o)
 *(COMMON)
 *fill*         0x0000000000015908       0x18 
 COMMON         0x0000000000015920    0x2a698 kernel/global.o
                0x0000000000015920                idt_ptr
                0x0000000000015940                inode_table
                0x0000000000016440                task_stack
                0x000000000003a440                k_reenter
                0x000000000003a460                gdt
                0x000000000003a860                current_console
                0x000000000003a864                pcaller
                0x000000000003a880                tty_table
                0x000000000003b500                tss
                0x000000000003b580                fs_msg
                0x000000000003b5b0                memory_size
                0x000000000003b5c0                f_desc_table
                0x000000000003b9c0                root_inode
                0x000000000003b9c4                disp_pos
                0x000000000003b9e0                mm_msg
                0x000000000003ba10                key_pressed
                0x000000000003ba14                gdt_ptr
                0x000000000003ba20                idt
                0x000000000003c220                super_block
                0x000000000003c400                ticks
                0x000000000003c420                console_table
                0x000000000003c460                irq_table
                0x000000000003c4a0                p_proc_ready
                0x000000000003c4c0                proc_table
 COMMON         0x000000000003ffb8       0x10 kernel/hd.o
                0x000000000003ffb8                PARTITION_ENTRY
                0x000000000003ffc8                . = ALIGN ((. != 0x0)?0x4:0x1)
                0x000000000003ffc8                . = ALIGN (0x4)
                0x000000000003ffc8                . = SEGMENT_START ("ldata-segment", .)
                0x000000000003ffc8                . = ALIGN (0x4)
                0x000000000003ffc8                _end = .
                [!provide]                        PROVIDE (end = .)
                0x000000000003ffc8                . = DATA_SEGMENT_END (.)

.stab
 *(.stab)

.stabstr
 *(.stabstr)

.stab.excl
 *(.stab.excl)

.stab.exclstr
 *(.stab.exclstr)

.stab.index
 *(.stab.index)

.stab.indexstr
 *(.stab.indexstr)

.comment        0x0000000000000000       0x29
 *(.comment)
 .comment       0x0000000000000000       0x29 kernel/start.o
                                         0x2a (size before relaxing)
 .comment       0x0000000000000029       0x2a kernel/main.o
 .comment       0x0000000000000029       0x2a kernel/clock.o
 .comment       0x0000000000000029       0x2a kernel/keyboard.o
 .comment       0x0000000000000029       0x2a kernel/tty.o
 .comment       0x0000000000000029       0x2a kernel/console.o
 .comment       0x0000000000000029       0x2a kernel/i8259.o
 .comment       0x0000000000000029       0x2a kernel/global.o
 .comment       0x0000000000000029       0x2a kernel/protect.o
 .comment       0x0000000000000029       0x2a kernel/proc.o
 .comment       0x0000000000000029       0x2a kernel/systask.o
 .comment       0x0000000000000029       0x2a kernel/hd.o
 .comment       0x0000000000000029       0x2a kernel/klib.o
 .comment       0x0000000000000029       0x2a lib/syslog.o
 .comment       0x0000000000000029       0x2a mm/main.o
 .comment       0x0000000000000029       0x2a mm/forkexit.o
 .comment       0x0000000000000029       0x2a mm/exec.o
 .comment       0x0000000000000029       0x2a fs/main.o
 .comment       0x0000000000000029       0x2a fs/open.o
 .comment       0x0000000000000029       0x2a fs/misc.o
 .comment       0x0000000000000029       0x2a fs/read_write.o
 .comment       0x0000000000000029       0x2a fs/link.o
 .comment       0x0000000000000029       0x2a fs/disklog.o
 .comment       0x0000000000000029       0x2a lib/orangescrt.a(printf.o)
 .comment       0x0000000000000029       0x2a lib/orangescrt.a(vsprintf.o)
 .comment       0x0000000000000029       0x2a lib/orangescrt.a(misc.o)
 .comment       0x0000000000000029       0x2a lib/orangescrt.a(open.o)
 .comment       0x0000000000000029       0x2a lib/orangescrt.a(read.o)
 .comment       0x0000000000000029       0x2a lib/orangescrt.a(write.o)
 .comment       0x0000000000000029       0x2a lib/orangescrt.a(close.o)
 .comment       0x0000000000000029       0x2a lib/orangescrt.a(lseek.o)
 .comment       0x0000000000000029       0x2a lib/orangescrt.a(getpid.o)
 .comment       0x0000000000000029       0x2a lib/orangescrt.a(stat.o)
 .comment       0x0000000000000029       0x2a lib/orangescrt.a(fork.o)
 .comment       0x0000000000000029       0x2a lib/orangescrt.a(wait.o)
 .comment       0x0000000000000029       0x2a lib/orangescrt.a(exec.o)

.debug
 *(.debug)

.line
 *(.line)

.debug_srcinfo
 *(.debug_srcinfo)

.debug_sfnames
 *(.debug_sfnames)

.debug_aranges
 *(.debug_aranges)

.debug_pubnames
 *(.debug_pubnames)

.debug_info
 *(.debug_info .gnu.linkonce.wi.*)

.debug_abbrev
 *(.debug_abbrev)

.debug_line
 *(.debug_line .debug_line.* .debug_line_end)

.debug_frame
 *(.debug_frame)

.debug_str
 *(.debug_str)

.debug_loc
 *(.debug_loc)

.debug_macinfo
 *(.debug_macinfo)

.debug_weaknames
 *(.debug_weaknames)

.debug_funcnames
 *(.debug_funcnames)

.debug_typenames
 *(.debug_typenames)

.debug_varnames
 *(.debug_varnames)

.debug_pubtypes
 *(.debug_pubtypes)

.debug_ranges
 *(.debug_ranges)

.debug_macro
 *(.debug_macro)

.debug_addr
 *(.debug_addr)

.gnu.attributes
 *(.gnu.attributes)

/DISCARD/
 *(.note.GNU-stack)
 *(.gnu_debuglink)
 *(.gnu.lto_*)
OUTPUT(kernel.bin elf32-i386)
